
==================================================
Starting retrieval for station: 8557380 (Lewes_DE)
==================================================
--- Processing: January 2021 (API Range: 20210101 to 20210201) ---
  > Pulling Water Level... Air Temp... Wind... Pressure... Done.
  [OK] Saved 744 rows.
--- Processing: February 2021 (API Range: 20210201 to 20210301) ---
  > Pulling Water Level... Air Temp... Wind... Pressure... Done.
  [OK] Saved 672 rows.
--- Processing: January 2022 (API Range: 20220101 to 20220201) ---
  > Pulling Water Level... Air Temp... Wind... Pressure... Done.
  [OK] Saved 744 rows.
--- Processing: February 2022 (API Range: 20220201 to 20220301) ---
  > Pulling Water Level... Air Temp... Wind... Pressure... Done.
  [OK] Saved 672 rows.
--- Processing: January 2023 (API Range: 20230101 to 20230201) ---
  > Pulling Water Level... Air Temp... Wind... Pressure... Done.
  [OK] Saved 743 rows.
--- Processing: February 2023 (API Range: 20230201 to 20230301) ---
  > Pulling Water Level... Air Temp... Wind... Pressure... Done.
  [OK] Saved 672 rows.
--- Processing: January 2024 (API Range: 20240101 to 20240201) ---
  > Pulling Water Level... Air Temp... Wind... Pressure... Done.
  [OK] Saved 744 rows.
--- Processing: February 2024 (API Range: 20240201 to 20240301) ---
  > Pulling Water Level... Air Temp... Wind... Pressure... Done.
  [OK] Saved 695 rows.
--- Processing: January 2025 (API Range: 20250101 to 20250201) ---
  > Pulling Water Level... Air Temp... Wind... Pressure... Done.
  [OK] Saved 743 rows.
--- Processing: February 2025 (API Range: 20250201 to 20250301) ---
  > Pulling Water Level... Air Temp... Wind... Pressure... Done.
  [OK] Saved 672 rows.
--- Processing: January 2026 (API Range: 20260101 to 20260201) ---
  > Pulling Water Level... Air Temp... Wind... Pressure... Done.
  [OK] Saved 744 rows.
--- Processing: February 2026 (API Range: 20260201 to 20260301) ---
  > Pulling Water Level... Air Temp... Wind... Pressure... Done.
  [OK] Saved 672 rows.

🏁 Finished. Data stored in standard ISO format in ../storm_surge/
