Fri Nov 21 16:57:54 2025       
+-----------------------------------------------------------------------------------------+
| NVIDIA-SMI 570.124.06             Driver Version: 570.124.06     CUDA Version: 12.8     |
|-----------------------------------------+------------------------+----------------------+
| GPU  Name                 Persistence-M | Bus-Id          Disp.A | Volatile Uncorr. ECC |
| Fan  Temp   Perf          Pwr:Usage/Cap |           Memory-Usage | GPU-Util  Compute M. |
|                                         |                        |               MIG M. |
|=========================================+========================+======================|
|   0  NVIDIA A10G                    On  |   00000000:00:16.0 Off |                    0 |
|  0%   26C    P8              9W /  300W |       1MiB /  23028MiB |      0%      Default |
|                                         |                        |                  N/A |
+-----------------------------------------+------------------------+----------------------+
|   1  NVIDIA A10G                    On  |   00000000:00:17.0 Off |                    0 |
|  0%   26C    P8              9W /  300W |       1MiB /  23028MiB |      0%      Default |
|                                         |                        |                  N/A |
+-----------------------------------------+------------------------+----------------------+
|   2  NVIDIA A10G                    On  |   00000000:00:18.0 Off |                    0 |
|  0%   25C    P8             10W /  300W |       1MiB /  23028MiB |      0%      Default |
|                                         |                        |                  N/A |
+-----------------------------------------+------------------------+----------------------+
|   3  NVIDIA A10G                    On  |   00000000:00:19.0 Off |                    0 |
|  0%   25C    P8              9W /  300W |       1MiB /  23028MiB |      0%      Default |
|                                         |                        |                  N/A |
+-----------------------------------------+------------------------+----------------------+
|   4  NVIDIA A10G                    On  |   00000000:00:1A.0 Off |                    0 |
|  0%   26C    P8              9W /  300W |       1MiB /  23028MiB |      0%      Default |
|                                         |                        |                  N/A |
+-----------------------------------------+------------------------+----------------------+
|   5  NVIDIA A10G                    On  |   00000000:00:1B.0 Off |                    0 |
|  0%   25C    P8              9W /  300W |       1MiB /  23028MiB |      0%      Default |
|                                         |                        |                  N/A |
+-----------------------------------------+------------------------+----------------------+
|   6  NVIDIA A10G                    On  |   00000000:00:1C.0 Off |                    0 |
|  0%   25C    P8              9W /  300W |       1MiB /  23028MiB |      0%      Default |
|                                         |                        |                  N/A |
+-----------------------------------------+------------------------+----------------------+
|   7  NVIDIA A10G                    On  |   00000000:00:1D.0 Off |                    0 |
|  0%   25C    P8              9W /  300W |       1MiB /  23028MiB |      0%      Default |
|                                         |                        |                  N/A |
+-----------------------------------------+------------------------+----------------------+
                                                                                         
+-----------------------------------------------------------------------------------------+
| Processes:                                                                              |
|  GPU   GI   CI              PID   Type   Process name                        GPU Memory |
|        ID   ID                                                               Usage      |
|=========================================================================================|
|  No running processes found                                                             |
+-----------------------------------------------------------------------------------------+
2025-11-21 16:59:05.722731: I tensorflow/core/platform/cpu_feature_guard.cc:182] This TensorFlow binary is optimized to use available CPU instructions in performance-critical operations.
To enable the following instructions: SSE4.1 SSE4.2 AVX AVX2 FMA, in other operations, rebuild TensorFlow with the appropriate compiler flags.
Loading data...
Data Head:
                      air_temp  air_pressure  ...  wind_gust  water_level
timestamp                                    ...                        
2022-08-28 00:00:00    292.04       1001.37  ...       5.43         1.17
2022-08-28 01:00:00    290.50       1001.42  ...       5.98         1.17
2022-08-28 02:00:00    290.05       1001.04  ...       6.95         1.17
2022-08-28 03:00:00    288.80       1000.58  ...       7.40         1.17
2022-08-28 04:00:00    288.70       1000.16  ...       9.14         1.17

[5 rows x 6 columns]

--- Preprocessing Data ---
Keeping 6 groups with >= 36 elements.
Fitting scalers on all valid data...
Creating sequences for 6 groups...
Traceback (most recent call last):
  File "/contrib/Mamoudou.Ba/storm_surge/guidance_gfs_gru_multi_hours_training_optimaze_hp_with_sequences_grouping.py", line 267, in <module>
    X_group, y_group = create_sequences_from_group(
                       ^^^^^^^^^^^^^^^^^^^^^^^^^^^^
  File "/contrib/Mamoudou.Ba/storm_surge/guidance_gfs_gru_multi_hours_training_optimaze_hp_with_sequences_grouping.py", line 119, in create_sequences_from_group
    X_sequence = np.concatenate([past_window, future_window], axis=1) # <-- Concatenated features, not time steps!
                 ^^^^^^^^^^^^^^^^^^^^^^^^^^^^^^^^^^^^^^^^^^^^^^^^^^^^
  File "<__array_function__ internals>", line 180, in concatenate
ValueError: all the input array dimensions for the concatenation axis must match exactly, but along dimension 0, the array at index 0 has size 24 and the array at index 1 has size 12
