/contrib/Mamoudou.Ba/miniconda3/envs/mlaws2t/lib/python3.11/site-packages/pandas/core/computation/expressions.py:23: UserWarning: Pandas requires version '2.10.2' or newer of 'numexpr' (version '2.10.0' currently installed).
  from pandas.core.computation.check import NUMEXPR_INSTALLED
/contrib/Mamoudou.Ba/miniconda3/envs/mlaws2t/lib/python3.11/site-packages/pandas/core/arrays/masked.py:56: UserWarning: Pandas requires version '1.4.2' or newer of 'bottleneck' (version '1.4.0' currently installed).
  from pandas.core import (
/contrib/Mamoudou.Ba/storm_surge_scripts//gru_obs_gfs_etss_storms_weather_pivot_multi_stations_multi_cycles_training.py:114: DtypeWarning: Columns (0: cycle, 1: air_temp_gui, 2: air_pressure_gui, 3: wind_speed_gui, 4: wind_direction_gui, 5: wind_gust_gui, 6: etss_tide, 7: etss_water_level) have mixed types. Specify dtype option on import or set low_memory=False.
  df_gfs = pd.read_csv(GFS_DATA_FILE)
✅ Dynamic GPU Memory Growth Engaged.
⚠️ [Skipping] Necessary file pairs absent for station: 8725520

================================================================================
🏭 OPERATIONAL PIVOT GENERATOR ENGINE FOR: St_Petersburg_FL (8726520)
================================================================================
🔄 Syncing Observation History and GFS Guidance Matrices...

🚀 Training Model Configuration Block: St_Petersburg_FL_12_GRU_GFS_ETSS_PIVOT_SAMPLE_WEIGHTING_ROBUST_24past_CHRONO

🚀 Training Model Configuration Block: St_Petersburg_FL_12_GRU_GFS_ETSS_PIVOT_SAMPLE_WEIGHTING_ROBUST_48past_CHRONO

================================================================================
🏭 OPERATIONAL PIVOT GENERATOR ENGINE FOR: Clearwater_Beach_FL (8726724)
================================================================================
🔄 Syncing Observation History and GFS Guidance Matrices...

🚀 Training Model Configuration Block: Clearwater_Beach_FL_12_GRU_GFS_ETSS_PIVOT_SAMPLE_WEIGHTING_ROBUST_24past_CHRONO

🚀 Training Model Configuration Block: Clearwater_Beach_FL_12_GRU_GFS_ETSS_PIVOT_SAMPLE_WEIGHTING_ROBUST_48past_CHRONO
⚠️ [Skipping] Necessary file pairs absent for station: 8726607
⚠️ [Skipping] Necessary file pairs absent for station: 8761724
⚠️ [Skipping] Necessary file pairs absent for station: 8665530
⚠️ [Skipping] Necessary file pairs absent for station: 8670870
⚠️ [Skipping] Necessary file pairs absent for station: 8658120
⚠️ [Skipping] Necessary file pairs absent for station: 8771450
⚠️ [Skipping] Necessary file pairs absent for station: 8518750
⚠️ [Skipping] Necessary file pairs absent for station: 8531680
⚠️ [Skipping] Necessary file pairs absent for station: 8575512
⚠️ [Skipping] Necessary file pairs absent for station: 9468756
⚠️ [Skipping] Necessary file pairs absent for station: 8443970
⚠️ [Skipping] Necessary file pairs absent for station: 8551910
⚠️ [Skipping] Necessary file pairs absent for station: 8720218
⚠️ [Skipping] Necessary file pairs absent for station: 9415144
⚠️ [Skipping] Necessary file pairs absent for station: 8534720

================================================================================
🏭 OPERATIONAL PIVOT GENERATOR ENGINE FOR: Lewes_DE (8557380)
================================================================================
🔄 Syncing Observation History and GFS Guidance Matrices...

🚀 Training Model Configuration Block: Lewes_DE_12_GRU_GFS_ETSS_PIVOT_SAMPLE_WEIGHTING_ROBUST_24past_CHRONO

🚀 Training Model Configuration Block: Lewes_DE_12_GRU_GFS_ETSS_PIVOT_SAMPLE_WEIGHTING_ROBUST_48past_CHRONO
⚠️ [Skipping] Necessary file pairs absent for station: 8638610
⚠️ [Skipping] Necessary file pairs absent for station: 8651370
⚠️ [Skipping] Necessary file pairs absent for station: 8721604
